// Jest Snapshot v1, https://goo.gl/fbAQLP

exports[`ProjectList.vue renders a snapshot 1`] = `undefined`;
