// Vitest Snapshot v1, https://vitest.dev/guide/snapshot.html

exports[`WarningMaxActiveContacts.vue > renders a snapshot 1`] = `<!--v-if-->`;
